最小化安装的centos7系统怎么和本地物理机传输文件
在xshell 工具使用lrzsz  rz上传，sz下载
yum install -y mysqlyum安装包
vim /etc/yum.repos.d/mysql-community-repo
选择安装版本
yum makecache  刷新缓存
yum install -y mysql-community*
systemctl start mysqld启动服务
grep password /var/log/mysqld.log查看临时密码


给mysql改密码时的报错
unable to change password; error: 'Your password does not satisfy the current policy requirements'
先登录mysql  mysql -u root -p

--1改密码：
ALTER USER 'root'@'localhost' IDENTIFIED BY 'Root_1234';

删除安全组件
UNINSTALL COMPONENT 'file://component_validate_password';
改为想要的简单密码
ALTER USER 'root'@'localhost' IDENTIFIED BY 'Root_1234';

源码安装mysql 
1.先安装ftp  yum install -y vsftpd
2/创建主目录
3/下载yum仓库的包
4/仅下载不安装  --downloadonly
5/找到下载好的mysql安装包
find /var/cache/yum/x86_64/7/ -iname "*.rpm" -exec cp -rf {} /var/ftp/mysql57 \
6/创建依赖关系
	cd /var/ftp/mysql57
	yum provides createrepo
	yum install -y createrepo
	createrepo /var/ftp/mysql57/
7/FTP启动

客户机端操作
1/自建yum仓库  vim /etc/yum.repos.d/mysql57.repo
[mysql57]
name=leileiftp
baseurl=ftp://服务器ip/mysql57
gpgcheck=0
enabled=1
2/安装  yum makecache  刷下缓存
yum install -y mysql-community-server

<<<<<<< HEAD


MySQL的使用
建库 create database 数据库名； 
use database使用库，也就是进入数据库
desc  查看库的情况
建表 create tabale 表名 (列名  类型 约束，列名 类型 约束)；
增 insert into 表名 values (1)；后面的值必须跟列名同步，有几列，放几个值
	insert into 表名 （列名1，列名2..） values （值1，值2..）; 
	enum 枚举  给定固定内容 比如设置性别可以固定男女；
删 delete from 表名 where 列名="值"
改 update 表名 set 列名 =值 where 列名="值"
查 select * from 表名；
	select * from 表名 where 列名=值 查固定某一个条件的值


数据库备份 1：
	安装数据库备份工具，percona,先下载安装包
	yum install https://repo.percona.com/yum/percona-release-latest.noarch.rpm
	yum insall -y percona...24.x86_64
	innobackupex --user=root --password='密码' /xtrabackup/full
	ls /xtrabackup/full/  查看是否备份成功

	模拟数据库损坏
	rm -rf /var/lib/mysql/*
	rm -rf /var/log/mysqld.log  删除mysql日志
	
	生成回滚日志，开始恢复
	innobackupex --apply-log /xtrabackup/full/最近一次的备份文件/
	恢复文件
	innobackupex --copy-back /xtrabackup/full/备份文件夹/
	数据库重新恢复后，需要重新登录，改临时密码，密码长度不要少于8位
	复用5-21日的数据库操作步骤

实验过程疑问，怎么知道我的程序是否安装好了
	主程序文件：通常在 /usr/bin/ 或 /usr/sbin/ 目录下，文件名一般和包名相同。可以使用 which nginx 或 whereis nginx 来定位。
	配置文件：常见位置是 /etc/ 目录下，文件名通常是 包名.conf 或同名的目录。例如 nginx 的配置文件一般是 /etc/nginx/nginx.conf，而 httpd 的是 /etc/httpd/conf/httpd.conf。
	日志文件：通常在 /var/log/ 目录下有一个和包名同名的目录，比如 /var/log/nginx/
	安装完percona rpm包后，发现不能直接用，需要：
	 percona-release enable pxb-80 release  启用pxb-80仓库
	 yum clean all 清空yum缓存
	 yum makecache  重建yum 元数据缓存
	 yum list percona-xtrabackup
     yum install percona-xtrabackup-80
还是不行，通过wget下载源码安装包
1.wget https://downloads.percona.com/downloads/Percona-XtraBa
ckup-8.0/Percona-XtraBackup-8.0.35-30/binary/redhat/7/x86_64/percona-xtrabackup-80-8.0.35-30.1.el7.x86_64.rpm
2. 使用 yum 本地安装以自动解决依赖
yum localinstall percona-xtrabackup-80-*.rpm


数据库备份 2：
3/安装程序
yum localinstall percona-xtrabackup-80 -y
创建备份存放目录
mkdir /data/backup/full
执行备份
xtrabackup --backup --target-dir=/data/backup/full --user=backup_user --password=backup_pass
xtrabackup --prepare --target-dir=/data/backup/full
停止mysql systemctl stop mysql
模拟数据库损坏：
rm -rf /var/log/mysql.log
恢复：
xtrabackup --copy-back --target-dir=/data/backup/full --datadir=/var/lib/mysql
chown -R mysql:mysql /var/lib/mysql  修复权限
systemctl start mysql 启动mysql 
遇到问题：启动mysql后不能登录，服务是启动的，端口没有被占用，selinux已经关闭
ls -l /var/lib/mysql/mysql.sock 文件不存在
ps aux | grep mysqld | grep -v grep  确认进程是否存在
重启服务，重新生成mysql.sock文件
重新登录mysql，这时密码不变，可以用之前自定义密码登录

小拓展：主从复制，同步数据库，通过中继日志复制执行sql语句


#使用脚本实现自动备份数据库，通过时间戳分类备份文件
#!/bin/bash
# 定义时间戳
timestamp=$(date +%Y%m%d_%H%M)
# 定义备份目录
backup_dir=/data/backup/full
retain=7  # 保留最近7天的备份
# 定义备份文件名
backup_file="$backup_dir/backup_$timestamp"
xtrabackup --backup --target-dir=$backup_file --user=root --password='123'
# 如果备份成功，清理旧备份
if [ $? -eq 0 ]; then
    # 列出所有备份目录（按名称排序），删除超出保留数量的最旧目录
    cd "$backup_base" || exit
    ls -1 | grep -E '^[0-9]{8}_[0-9]{4}$' | sort | head -n -$retain | xargs -r rm -rf
fi
#设置定时任务，每天凌晨2点执行备份脚本
0 2 * * * /usr/local/bin/backup_data.sh >> /var/log/mysql_backup.log 2>&1
#遇到的问题:变量名称写错，backup_dir写成backu，导致脚本执行完没有保存到指定目录。
# +号后面不能有空格  timestamp=$(date + %Y%m%d_%H%M)  改： timestamp=$(date +%Y%m%d_%H%M)



数据库的主从复制
主从复制的原理：
主服务器将数据修改记录写入二进制日志，
备库I/O线程将主库上的日志复制到自己的中继日志中(relay log)，
备库SQL线程读取中继日志并执行其中的SQL语句，从而实现数据同步。
主从复制的配置步骤：
1. 在主服务器上创建复制用户，并授权REPLICATION SLAVE权限。
CREATE USER 'repl'@'%' IDENTIFIED BY 'password';
GRANT REPLICATION SLAVE ON *.* TO 'repl'@'%';
2. 在主服务器上查看当前的二进制日志文件名和位置。
SHOW MASTER STATUS;
3. 在备服务器上配置复制参数，指定主服务器的IP地址、复制用户和密码，以及主服务器的日志文件名和位置。
CHANGE MASTER TO
MASTER_HOST='主服务器IP地址',
MASTER_USER='repl',
MASTER_PASSWORD='password',
MASTER_LOG_FILE='主服务器日志文件名',
MASTER_LOG_POS=主服务器日志位置;
4. 启动备服务器的复制线程。
START SLAVE;
5. 在备服务器上查看复制状态，确保复制正常运行。
SHOW SLAVE STATUS\G;
主从复制的注意事项：
1. 主从服务器的时钟应该同步，建议使用NTP服务。
2. 主从服务器的网络连接应该稳定，避免复制中断。
3. 主从服务器的MySQL版本应该兼容，建议使用相同版本。
4. 主从复制是异步的，主服务器的修改可能会有延迟才会反映到备服务器上。
5. 定期检查复制状态，及时处理复制错误。
